16:46:39 **** Incremental Build of configuration Debug for project GPIO_HAL_X ****
make -j8 all 
arm-none-eabi-gcc "../Core/Src/main.c" -mcpu=cortex-m4 -std=gnu11 -g3 -DDEBUG -DUSE_HAL_DRIVER -DSTM32F446xx -c -I../Core/Inc -I../Drivers/STM32F4xx_HAL_Driver/Inc -I../Drivers/STM32F4xx_HAL_Driver/Inc/Legacy -I../Drivers/CMSIS/Device/ST/STM32F4xx/Include -I../Drivers/CMSIS/Include -O0 -ffunction-sections -fdata-sections -Wall -fstack-usage -fcyclomatic-complexity -MMD -MP -MF"Core/Src/main.d" -MT"Core/Src/main.o" --specs=nano.specs -mfpu=fpv4-sp-d16 -mfloat-abi=hard -mthumb -o "Core/Src/main.o"
arm-none-eabi-gcc -o "GPIO_HAL_X.elf" @"objects.list"   -mcpu=cortex-m4 -T"C:\Study\STM32\OJ_tube\GPIO_HAL_X\STM32F446RCTX_FLASH.ld" --specs=nosys.specs -Wl,-Map="GPIO_HAL_X.map" -Wl,--gc-sections -static --specs=nano.specs -mfpu=fpv4-sp-d16 -mfloat-abi=hard -mthumb -Wl,--start-group -lc -lm -Wl,--end-group
Finished building target: GPIO_HAL_X.elf
 
arm-none-eabi-size  GPIO_HAL_X.elf 
arm-none-eabi-objdump -h -S GPIO_HAL_X.elf  > "GPIO_HAL_X.list"
   text	   data	    bss	    dec	    hex	filename
   6400	     12	   1572	   7984	   1f30	GPIO_HAL_X.elf
Finished building: default.size.stdout
 
Finished building: GPIO_HAL_X.list
 

16:46:40 Build Finished. 0 errors, 0 warnings. (took 1s.401ms)

