16:41:17 **** Build of configuration Debug for project Hello_GPIO ****
make -j8 all 
arm-none-eabi-gcc -o "Hello_GPIO.elf" @"objects.list"   -mcpu=cortex-m4 -T"C:\Study\STM32\OJ_tube\Hello_GPIO\STM32F446RETX_FLASH.ld" --specs=nosys.specs -Wl,-Map="Hello_GPIO.map" -Wl,--gc-sections -static --specs=nano.specs -mfpu=fpv4-sp-d16 -mfloat-abi=hard -mthumb -Wl,--start-group -lc -lm -Wl,--end-group
Finished building target: Hello_GPIO.elf
 
arm-none-eabi-size  Hello_GPIO.elf 
arm-none-eabi-objdump -h -S Hello_GPIO.elf  > "Hello_GPIO.list"
   text	   data	    bss	    dec	    hex	filename
   6464	     12	   1572	   8048	   1f70	Hello_GPIO.elf
Finished building: default.size.stdout
 
Finished building: Hello_GPIO.list
 

16:41:19 Build Finished. 0 errors, 0 warnings. (took 1s.506ms)

