17:39:24 **** Incremental Build of configuration Debug for project I2C_OLED ****
make -j8 all 
arm-none-eabi-gcc "../Core/Src/main.c" -mcpu=cortex-m4 -std=gnu11 -g3 -DDEBUG -DUSE_HAL_DRIVER -DSTM32F446xx -c -I../Core/Inc -I../Drivers/STM32F4xx_HAL_Driver/Inc -I../Drivers/STM32F4xx_HAL_Driver/Inc/Legacy -I../Drivers/CMSIS/Device/ST/STM32F4xx/Include -I../Drivers/CMSIS/Include -I"C:/Study/STM32/OJ_tube/I2C_OLED/Core/Lib/Inc" -O0 -ffunction-sections -fdata-sections -Wall -fstack-usage -fcyclomatic-complexity -MMD -MP -MF"Core/Src/main.d" -MT"Core/Src/main.o" --specs=nano.specs -mfpu=fpv4-sp-d16 -mfloat-abi=hard -mthumb -o "Core/Src/main.o"
arm-none-eabi-gcc -o "I2C_OLED.elf" @"objects.list"   -mcpu=cortex-m4 -T"C:\Study\STM32\OJ_tube\I2C_OLED\STM32F446RETX_FLASH.ld" --specs=nosys.specs -Wl,-Map="I2C_OLED.map" -Wl,--gc-sections -static --specs=nano.specs -mfpu=fpv4-sp-d16 -mfloat-abi=hard -mthumb -Wl,--start-group -lc -lm -Wl,--end-group
Finished building target: I2C_OLED.elf
 
arm-none-eabi-size  I2C_OLED.elf 
arm-none-eabi-objdump -h -S I2C_OLED.elf  > "I2C_OLED.list"
   text	   data	    bss	    dec	    hex	filename
  21452	     12	   2684	  24148	   5e54	I2C_OLED.elf
Finished building: default.size.stdout
 
Finished building: I2C_OLED.list
 

17:39:25 Build Finished. 0 errors, 0 warnings. (took 864ms)

