17:00:58 **** Incremental Build of configuration Debug for project LED_control_switch_HAL_X ****
make -j8 all 
arm-none-eabi-gcc "../Core/Src/main.c" -mcpu=cortex-m4 -std=gnu11 -g3 -DDEBUG -DUSE_HAL_DRIVER -DSTM32F446xx -c -I../Core/Inc -I../Drivers/STM32F4xx_HAL_Driver/Inc -I../Drivers/STM32F4xx_HAL_Driver/Inc/Legacy -I../Drivers/CMSIS/Device/ST/STM32F4xx/Include -I../Drivers/CMSIS/Include -O0 -ffunction-sections -fdata-sections -Wall -fstack-usage -fcyclomatic-complexity -MMD -MP -MF"Core/Src/main.d" -MT"Core/Src/main.o" --specs=nano.specs -mfpu=fpv4-sp-d16 -mfloat-abi=hard -mthumb -o "Core/Src/main.o"
arm-none-eabi-gcc -o "LED_control_switch_HAL_X.elf" @"objects.list"   -mcpu=cortex-m4 -T"C:\Study\STM32\OJ_tube\LED_control_switch_HAL_X\STM32F446RETX_FLASH.ld" --specs=nosys.specs -Wl,-Map="LED_control_switch_HAL_X.map" -Wl,--gc-sections -static --specs=nano.specs -mfpu=fpv4-sp-d16 -mfloat-abi=hard -mthumb -Wl,--start-group -lc -lm -Wl,--end-group
Finished building target: LED_control_switch_HAL_X.elf
 
arm-none-eabi-size  LED_control_switch_HAL_X.elf 
arm-none-eabi-objdump -h -S LED_control_switch_HAL_X.elf  > "LED_control_switch_HAL_X.list"
   text	   data	    bss	    dec	    hex	filename
   6388	     12	   1572	   7972	   1f24	LED_control_switch_HAL_X.elf
Finished building: default.size.stdout
 
Finished building: LED_control_switch_HAL_X.list
 

17:01:00 Build Finished. 0 errors, 0 warnings. (took 1s.694ms)

